// Jest Snapshot v1, https://goo.gl/fbAQLP

exports[`should render SignUp component matching snapshot 1`] = `
<div
  className="css-0"
  title="sign-up"
>
   signUp 
</div>
`;
