// Jest Snapshot v1, https://goo.gl/fbAQLP

exports[`should render homepage matching snapshot 1`] = `
<div
  className="css-h74a88"
  role="main"
>
  Header
  AdoptionList
</div>
`;
