// Jest Snapshot v1, https://goo.gl/fbAQLP

exports[`should render security page matching snapshot 1`] = `"ThemeContainer"`;
