// Jest Snapshot v1, https://goo.gl/fbAQLP

exports[`should render new adoption page matching snapshot 1`] = `"ThemeContainer"`;
