// Jest Snapshot v1, https://goo.gl/fbAQLP

exports[`should render profile detail matching snapshot 1`] = `"ThemeContainer"`;
